// Jest Snapshot v1, https://goo.gl/fbAQLP

exports[`App Component should render without errors 1`] = `ShallowWrapper {}`;
